ERROR: 2020/04/12 23:36:29 SprintResource.go:30: Sprint could not be created &{sql: no rows in result set sprint not found -1}
